ARM Linker, RVCT4.0 [Build 524] for uVision [Professional]

==============================================================================

Section Cross References

    main.o(.text) refers to delay.o(.text) for delay_us
    main.o(.text) refers to stm32f10x_tim.o(.text) for TIM_SetCompare4
    main.o(.text) refers to rand.o(.text) for rand
    main.o(.text) refers to remote.o(.data) for keynum
    main.o(.text) refers to main.o(.data) for Rpwmval
    main.o(.text) refers to system_stm32f10x.o(.text) for SystemInit
    main.o(.text) refers to sys.o(.text) for NVIC_Configuration
    main.o(.text) refers to usart.o(.text) for uart_init
    main.o(.text) refers to beep.o(.text) for BEEP_Init
    main.o(.text) refers to remote.o(.text) for Remote_Init
    main.o(.text) refers to pwm.o(.text) for PWM_Init
    system_stm32f10x.o(.text) refers to system_stm32f10x.o(.data) for SystemCoreClock
    startup_stm32f10x_md.o(STACK) refers (Special) to heapauxi.o(.text) for __use_two_region_memory
    startup_stm32f10x_md.o(HEAP) refers (Special) to heapauxi.o(.text) for __use_two_region_memory
    startup_stm32f10x_md.o(RESET) refers (Special) to heapauxi.o(.text) for __use_two_region_memory
    startup_stm32f10x_md.o(RESET) refers to startup_stm32f10x_md.o(STACK) for __initial_sp
    startup_stm32f10x_md.o(RESET) refers to startup_stm32f10x_md.o(.text) for Reset_Handler
    startup_stm32f10x_md.o(RESET) refers to stm32f10x_it.o(.text) for NMI_Handler
    startup_stm32f10x_md.o(RESET) refers to remote.o(.text) for EXTI1_IRQHandler
    startup_stm32f10x_md.o(RESET) refers to usart.o(.text) for USART1_IRQHandler
    startup_stm32f10x_md.o(.text) refers (Special) to heapauxi.o(.text) for __use_two_region_memory
    startup_stm32f10x_md.o(.text) refers to system_stm32f10x.o(.text) for SystemInit
    startup_stm32f10x_md.o(.text) refers to __main.o(!!!main) for __main
    startup_stm32f10x_md.o(.text) refers to startup_stm32f10x_md.o(HEAP) for Heap_Mem
    startup_stm32f10x_md.o(.text) refers to startup_stm32f10x_md.o(STACK) for Stack_Mem
    stm32f10x_gpio.o(.text) refers to stm32f10x_rcc.o(.text) for RCC_APB2PeriphResetCmd
    stm32f10x_tim.o(.text) refers to stm32f10x_rcc.o(.text) for RCC_APB2PeriphResetCmd
    stm32f10x_usart.o(.text) refers to stm32f10x_rcc.o(.text) for RCC_APB2PeriphResetCmd
    stm32f10x_rcc.o(.text) refers to stm32f10x_rcc.o(.data) for .data
    delay.o(.text) refers to misc.o(.text) for SysTick_CLKSourceConfig
    delay.o(.text) refers to delay.o(.data) for .data
    sys.o(.text) refers to misc.o(.text) for NVIC_PriorityGroupConfig
    usart.o(.text) refers (Special) to use_no_semi_2.o(.text) for __use_no_semihosting
    usart.o(.text) refers to stm32f10x_rcc.o(.text) for RCC_APB2PeriphClockCmd
    usart.o(.text) refers to stm32f10x_gpio.o(.text) for GPIO_Init
    usart.o(.text) refers to misc.o(.text) for NVIC_Init
    usart.o(.text) refers to stm32f10x_usart.o(.text) for USART_Init
    usart.o(.text) refers to main.o(.text) for Key1_Function
    usart.o(.text) refers to remote.o(.data) for keynum
    usart.o(.data) refers (Special) to use_no_semi_2.o(.text) for __use_no_semihosting
    pwm.o(.text) refers to stm32f10x_rcc.o(.text) for RCC_APB1PeriphClockCmd
    pwm.o(.text) refers to stm32f10x_gpio.o(.text) for GPIO_Init
    pwm.o(.text) refers to stm32f10x_tim.o(.text) for TIM_TimeBaseInit
    remote.o(.text) refers to stm32f10x_rcc.o(.text) for RCC_APB2PeriphClockCmd
    remote.o(.text) refers to stm32f10x_gpio.o(.text) for GPIO_Init
    remote.o(.text) refers to stm32f10x_exti.o(.text) for EXTI_Init
    remote.o(.text) refers to misc.o(.text) for NVIC_Init
    remote.o(.text) refers to delay.o(.text) for delay_us
    remote.o(.text) refers to main.o(.text) for Key1_Function
    remote.o(.text) refers to remote.o(.data) for Remote_Odr
    beep.o(.text) refers to stm32f10x_rcc.o(.text) for RCC_APB2PeriphClockCmd
    beep.o(.text) refers to stm32f10x_gpio.o(.text) for GPIO_Init
    use_no_semi_2.o(.text) refers (Special) to use_no_semi.o(.text) for __use_no_semihosting_swi
    rand.o(.text) refers (Special) to libinit2.o(.ARM.Collect$$libinit$$00000009) for __rt_lib_init_rand_2
    rand.o(.text) refers to rand.o(.data) for .data
    rand.o(.text) refers to rand.o(.bss) for .bss
    rand.o(.bss) refers (Special) to libinit2.o(.ARM.Collect$$libinit$$00000009) for __rt_lib_init_rand_2
    rand.o(.data) refers (Special) to libinit2.o(.ARM.Collect$$libinit$$00000009) for __rt_lib_init_rand_2
    __main.o(!!!main) refers to rtentry.o(.ARM.Collect$$rtentry$$00000000) for __rt_entry
    rtentry.o(.ARM.Collect$$rtentry$$00000000) refers (Special) to rtentry2.o(.ARM.Collect$$rtentry$$0000000A) for __rt_entry_li
    rtentry.o(.ARM.Collect$$rtentry$$00000000) refers (Special) to rtentry2.o(.ARM.Collect$$rtentry$$0000000D) for __rt_entry_main
    rtentry.o(.ARM.Collect$$rtentry$$00000000) refers (Special) to rtentry2.o(.ARM.Collect$$rtentry$$0000000C) for __rt_entry_postli_1
    rtentry.o(.ARM.Collect$$rtentry$$00000000) refers (Special) to rtentry2.o(.ARM.Collect$$rtentry$$00000009) for __rt_entry_postsh_1
    rtentry.o(.ARM.Collect$$rtentry$$00000000) refers (Special) to rtentry2.o(.ARM.Collect$$rtentry$$00000002) for __rt_entry_presh_1
    rtentry.o(.ARM.Collect$$rtentry$$00000000) refers (Special) to rtentry4.o(.ARM.Collect$$rtentry$$00000004) for __rt_entry_sh
    rtentry.o(.ARM.exidx) refers (Special) to rtentry2.o(.ARM.Collect$$rtentry$$0000000A) for __rt_entry_li
    rtentry.o(.ARM.exidx) refers (Special) to rtentry2.o(.ARM.Collect$$rtentry$$0000000D) for __rt_entry_main
    rtentry.o(.ARM.exidx) refers (Special) to rtentry2.o(.ARM.Collect$$rtentry$$0000000C) for __rt_entry_postli_1
    rtentry.o(.ARM.exidx) refers (Special) to rtentry2.o(.ARM.Collect$$rtentry$$00000009) for __rt_entry_postsh_1
    rtentry.o(.ARM.exidx) refers (Special) to rtentry2.o(.ARM.Collect$$rtentry$$00000002) for __rt_entry_presh_1
    rtentry.o(.ARM.exidx) refers (Special) to rtentry4.o(.ARM.Collect$$rtentry$$00000004) for __rt_entry_sh
    rtentry.o(.ARM.exidx) refers to rtentry.o(.ARM.Collect$$rtentry$$00000000) for .ARM.Collect$$rtentry$$00000000
    libinit2.o(.ARM.Collect$$libinit$$00000009) refers (Weak) to rand.o(.text) for _rand_init
    libinit2.o(.ARM.Collect$$libinit$$0000000C) refers to libinit2.o(.ARM.Collect$$libinit$$0000000B) for .ARM.Collect$$libinit$$0000000B
    libinit2.o(.ARM.Collect$$libinit$$0000000E) refers to libinit2.o(.ARM.Collect$$libinit$$0000000B) for .ARM.Collect$$libinit$$0000000B
    libinit2.o(.ARM.Collect$$libinit$$00000010) refers to libinit2.o(.ARM.Collect$$libinit$$0000000B) for .ARM.Collect$$libinit$$0000000B
    libinit2.o(.ARM.Collect$$libinit$$00000012) refers to libinit2.o(.ARM.Collect$$libinit$$0000000B) for .ARM.Collect$$libinit$$0000000B
    libinit2.o(.ARM.Collect$$libinit$$00000014) refers to libinit2.o(.ARM.Collect$$libinit$$0000000B) for .ARM.Collect$$libinit$$0000000B
    libinit2.o(.ARM.Collect$$libinit$$00000022) refers to argv_veneer.o(.emb_text) for __ARM_argv_veneer
    libinit2.o(.ARM.Collect$$libinit$$00000023) refers to argv_veneer.o(.emb_text) for __ARM_argv_veneer
    rtentry2.o(.ARM.Collect$$rtentry$$00000008) refers to boardinit2.o(.text) for _platform_post_stackheap_init
    rtentry2.o(.ARM.Collect$$rtentry$$0000000A) refers to libinit.o(.ARM.Collect$$libinit$$00000000) for __rt_lib_init
    rtentry2.o(.ARM.Collect$$rtentry$$0000000B) refers to boardinit3.o(.text) for _platform_post_lib_init
    rtentry2.o(.ARM.Collect$$rtentry$$0000000D) refers to main.o(.text) for main
    rtentry2.o(.ARM.Collect$$rtentry$$0000000D) refers to exit.o(.text) for exit
    rtentry2.o(.ARM.exidx) refers to rtentry2.o(.ARM.Collect$$rtentry$$00000001) for .ARM.Collect$$rtentry$$00000001
    rtentry2.o(.ARM.exidx) refers to rtentry2.o(.ARM.Collect$$rtentry$$00000002) for .ARM.Collect$$rtentry$$00000002
    rtentry2.o(.ARM.exidx) refers to rtentry2.o(.ARM.Collect$$rtentry$$00000008) for .ARM.Collect$$rtentry$$00000008
    rtentry2.o(.ARM.exidx) refers to rtentry2.o(.ARM.Collect$$rtentry$$00000009) for .ARM.Collect$$rtentry$$00000009
    rtentry2.o(.ARM.exidx) refers to rtentry2.o(.ARM.Collect$$rtentry$$0000000A) for .ARM.Collect$$rtentry$$0000000A
    rtentry2.o(.ARM.exidx) refers to rtentry2.o(.ARM.Collect$$rtentry$$0000000B) for .ARM.Collect$$rtentry$$0000000B
    rtentry2.o(.ARM.exidx) refers to rtentry2.o(.ARM.Collect$$rtentry$$0000000C) for .ARM.Collect$$rtentry$$0000000C
    rtentry2.o(.ARM.exidx) refers to rtentry2.o(.ARM.Collect$$rtentry$$0000000D) for .ARM.Collect$$rtentry$$0000000D
    rtentry4.o(.ARM.Collect$$rtentry$$00000004) refers to sys_stackheap_outer.o(.text) for __user_setup_stackheap
    rtentry4.o(.ARM.exidx) refers to rtentry4.o(.ARM.Collect$$rtentry$$00000004) for .ARM.Collect$$rtentry$$00000004
    argv_veneer.o(.emb_text) refers to no_argv.o(.text) for __ARM_get_argv
    sys_stackheap_outer.o(.text) refers to libspace.o(.text) for __user_perproc_libspace
    sys_stackheap_outer.o(.text) refers to startup_stm32f10x_md.o(.text) for __user_initial_stackheap
    exit.o(.text) refers to rtexit.o(.ARM.Collect$$rtexit$$00000000) for __rt_exit
    _get_argv_nomalloc.o(.text) refers (Special) to hrguard.o(.text) for __heap_region$guard
    _get_argv_nomalloc.o(.text) refers to defsig_rtmem_outer.o(.text) for __rt_SIGRTMEM
    _get_argv_nomalloc.o(.text) refers to sys_command.o(.text) for _sys_command_string
    libinit.o(.ARM.Collect$$libinit$$00000000) refers (Special) to libinit2.o(.ARM.Collect$$libinit$$0000002A) for __rt_lib_init_alloca_1
    libinit.o(.ARM.Collect$$libinit$$00000000) refers (Special) to libinit2.o(.ARM.Collect$$libinit$$00000028) for __rt_lib_init_argv_1
    libinit.o(.ARM.Collect$$libinit$$00000000) refers (Special) to libinit2.o(.ARM.Collect$$libinit$$00000017) for __rt_lib_init_atexit_1
    libinit.o(.ARM.Collect$$libinit$$00000000) refers (Special) to libinit2.o(.ARM.Collect$$libinit$$0000001D) for __rt_lib_init_clock_1
    libinit.o(.ARM.Collect$$libinit$$00000000) refers (Special) to libinit2.o(.ARM.Collect$$libinit$$0000002E) for __rt_lib_init_cpp_1
    libinit.o(.ARM.Collect$$libinit$$00000000) refers (Special) to libinit2.o(.ARM.Collect$$libinit$$0000002C) for __rt_lib_init_exceptions_1
    libinit.o(.ARM.Collect$$libinit$$00000000) refers (Special) to libinit2.o(.ARM.Collect$$libinit$$0000001B) for __rt_lib_init_fp_trap_1
    libinit.o(.ARM.Collect$$libinit$$00000000) refers (Special) to libinit2.o(.ARM.Collect$$libinit$$0000001F) for __rt_lib_init_getenv_1
    libinit.o(.ARM.Collect$$libinit$$00000000) refers (Special) to libinit2.o(.ARM.Collect$$libinit$$00000006) for __rt_lib_init_heap_1
    libinit.o(.ARM.Collect$$libinit$$00000000) refers (Special) to libinit2.o(.ARM.Collect$$libinit$$0000000D) for __rt_lib_init_lc_collate_1
    libinit.o(.ARM.Collect$$libinit$$00000000) refers (Special) to libinit2.o(.ARM.Collect$$libinit$$0000000F) for __rt_lib_init_lc_ctype_1
    libinit.o(.ARM.Collect$$libinit$$00000000) refers (Special) to libinit2.o(.ARM.Collect$$libinit$$00000011) for __rt_lib_init_lc_monetary_1
    libinit.o(.ARM.Collect$$libinit$$00000000) refers (Special) to libinit2.o(.ARM.Collect$$libinit$$00000013) for __rt_lib_init_lc_numeric_1
    libinit.o(.ARM.Collect$$libinit$$00000000) refers (Special) to libinit2.o(.ARM.Collect$$libinit$$00000015) for __rt_lib_init_lc_time_1
    libinit.o(.ARM.Collect$$libinit$$00000000) refers (Special) to libinit2.o(.ARM.Collect$$libinit$$0000000A) for __rt_lib_init_rand_1
    libinit.o(.ARM.Collect$$libinit$$00000000) refers (Special) to libinit2.o(.ARM.Collect$$libinit$$0000002F) for __rt_lib_init_return
    libinit.o(.ARM.Collect$$libinit$$00000000) refers (Special) to libinit2.o(.ARM.Collect$$libinit$$00000019) for __rt_lib_init_signal_1
    libinit.o(.ARM.Collect$$libinit$$00000000) refers (Special) to libinit2.o(.ARM.Collect$$libinit$$00000021) for __rt_lib_init_stdio_1
    libinit.o(.ARM.Collect$$libinit$$00000000) refers (Special) to libinit2.o(.ARM.Collect$$libinit$$00000008) for __rt_lib_init_user_alloc_1
    sys_command.o(.text) refers (Special) to use_no_semi.o(.text) for __I$use$semihosting
    libspace.o(.text) refers to libspace.o(.bss) for __libspace_start
    rtexit.o(.ARM.Collect$$rtexit$$00000000) refers (Special) to rtexit2.o(.ARM.Collect$$rtexit$$00000004) for __rt_exit_exit
    rtexit.o(.ARM.Collect$$rtexit$$00000000) refers (Special) to rtexit2.o(.ARM.Collect$$rtexit$$00000003) for __rt_exit_ls
    rtexit.o(.ARM.Collect$$rtexit$$00000000) refers (Special) to rtexit2.o(.ARM.Collect$$rtexit$$00000002) for __rt_exit_prels_1
    rtexit.o(.ARM.exidx) refers (Special) to rtexit2.o(.ARM.Collect$$rtexit$$00000004) for __rt_exit_exit
    rtexit.o(.ARM.exidx) refers (Special) to rtexit2.o(.ARM.Collect$$rtexit$$00000003) for __rt_exit_ls
    rtexit.o(.ARM.exidx) refers (Special) to rtexit2.o(.ARM.Collect$$rtexit$$00000002) for __rt_exit_prels_1
    rtexit.o(.ARM.exidx) refers to rtexit.o(.ARM.Collect$$rtexit$$00000000) for .ARM.Collect$$rtexit$$00000000
    defsig_rtmem_outer.o(.text) refers to defsig_rtmem_inner.o(.text) for __rt_SIGRTMEM_inner
    defsig_rtmem_outer.o(.text) refers to defsig_exit.o(.text) for __sig_exit
    defsig_rtmem_formal.o(.text) refers to rt_raise.o(.text) for __rt_raise
    rtexit2.o(.ARM.Collect$$rtexit$$00000003) refers to libshutdown.o(.ARM.Collect$$libshutdown$$00000000) for __rt_lib_shutdown
    rtexit2.o(.ARM.Collect$$rtexit$$00000004) refers to usart.o(.text) for _sys_exit
    rtexit2.o(.ARM.exidx) refers to rtexit2.o(.ARM.Collect$$rtexit$$00000001) for .ARM.Collect$$rtexit$$00000001
    rtexit2.o(.ARM.exidx) refers to rtexit2.o(.ARM.Collect$$rtexit$$00000002) for .ARM.Collect$$rtexit$$00000002
    rtexit2.o(.ARM.exidx) refers to rtexit2.o(.ARM.Collect$$rtexit$$00000003) for .ARM.Collect$$rtexit$$00000003
    rtexit2.o(.ARM.exidx) refers to rtexit2.o(.ARM.Collect$$rtexit$$00000004) for .ARM.Collect$$rtexit$$00000004
    rt_raise.o(.text) refers to __raise.o(.text) for __raise
    rt_raise.o(.text) refers to usart.o(.text) for _sys_exit
    defsig_exit.o(.text) refers to usart.o(.text) for _sys_exit
    defsig_rtmem_inner.o(.text) refers to defsig_general.o(.text) for __default_signal_display
    __raise.o(.text) refers to defsig.o(CL$$defsig) for __default_signal_handler
    defsig_general.o(.text) refers to sys_wrch.o(.text) for _ttywrch
    libshutdown.o(.ARM.Collect$$libshutdown$$00000000) refers (Special) to libshutdown2.o(.ARM.Collect$$libshutdown$$00000006) for __rt_lib_shutdown_fp_trap_1
    libshutdown.o(.ARM.Collect$$libshutdown$$00000000) refers (Special) to libshutdown2.o(.ARM.Collect$$libshutdown$$0000000E) for __rt_lib_shutdown_heap_1
    libshutdown.o(.ARM.Collect$$libshutdown$$00000000) refers (Special) to libshutdown2.o(.ARM.Collect$$libshutdown$$0000000F) for __rt_lib_shutdown_return
    libshutdown.o(.ARM.Collect$$libshutdown$$00000000) refers (Special) to libshutdown2.o(.ARM.Collect$$libshutdown$$00000009) for __rt_lib_shutdown_signal_1
    libshutdown.o(.ARM.Collect$$libshutdown$$00000000) refers (Special) to libshutdown2.o(.ARM.Collect$$libshutdown$$00000003) for __rt_lib_shutdown_stdio_1
    libshutdown.o(.ARM.Collect$$libshutdown$$00000000) refers (Special) to libshutdown2.o(.ARM.Collect$$libshutdown$$0000000B) for __rt_lib_shutdown_user_alloc_1
    sys_wrch.o(.text) refers (Special) to use_no_semi.o(.text) for __I$use$semihosting
    defsig.o(CL$$defsig) refers to defsig_rtmem_inner.o(.text) for __rt_SIGRTMEM_inner
    defsig_abrt_inner.o(.text) refers to defsig_general.o(.text) for __default_signal_display
    defsig_fpe_inner.o(.text) refers to defsig_general.o(.text) for __default_signal_display
    defsig_rtred_inner.o(.text) refers to defsig_general.o(.text) for __default_signal_display
    defsig_stak_inner.o(.text) refers to defsig_general.o(.text) for __default_signal_display
    defsig_pvfn_inner.o(.text) refers to defsig_general.o(.text) for __default_signal_display
    defsig_cppl_inner.o(.text) refers to defsig_general.o(.text) for __default_signal_display
    defsig_segv_inner.o(.text) refers to defsig_general.o(.text) for __default_signal_display
    defsig_other.o(.text) refers to defsig_general.o(.text) for __default_signal_display


==============================================================================

Removing Unused input sections from the image.

    Removing core_cm3.o(.emb_text), (32 bytes).
    Removing usart.o(.data), (4 bytes).

2 unused section(s) (total 36 bytes) removed from the image.

==============================================================================

Image Symbol Table

    Local Symbols

    Symbol Name                              Value     Ov Type        Size  Object(Section)

    ../../angel/boardlib.s                   0x00000000   Number         0  boardinit3.o ABSOLUTE
    ../../angel/boardlib.s                   0x00000000   Number         0  boardinit2.o ABSOLUTE
    ../../angel/boardlib.s                   0x00000000   Number         0  boardinit1.o ABSOLUTE
    ../../angel/boardlib.s                   0x00000000   Number         0  boardshut.o ABSOLUTE
    ../../angel/handlers.s                   0x00000000   Number         0  __scatter_zi.o ABSOLUTE
    ../../angel/handlers.s                   0x00000000   Number         0  __scatter_copy.o ABSOLUTE
    ../../angel/kernel.s                     0x00000000   Number         0  rtentry.o ABSOLUTE
    ../../angel/kernel.s                     0x00000000   Number         0  rtexit2.o ABSOLUTE
    ../../angel/kernel.s                     0x00000000   Number         0  rtentry2.o ABSOLUTE
    ../../angel/kernel.s                     0x00000000   Number         0  rtentry4.o ABSOLUTE
    ../../angel/kernel.s                     0x00000000   Number         0  rtexit.o ABSOLUTE
    ../../angel/rt.s                         0x00000000   Number         0  rt_raise.o ABSOLUTE
    ../../angel/scatter.s                    0x00000000   Number         0  __scatter.o ABSOLUTE
    ../../angel/startup.s                    0x00000000   Number         0  __main.o ABSOLUTE
    ../../angel/sys.s                        0x00000000   Number         0  use_no_semi.o ABSOLUTE
    ../../angel/sys.s                        0x00000000   Number         0  sys_stackheap_outer.o ABSOLUTE
    ../../angel/sys.s                        0x00000000   Number         0  use_no_semi_2.o ABSOLUTE
    ../../angel/sys.s                        0x00000000   Number         0  libspace.o ABSOLUTE
    ../../angel/sysapp.c                     0x00000000   Number         0  sys_command.o ABSOLUTE
    ../../angel/sysapp.c                     0x00000000   Number         0  sys_wrch.o ABSOLUTE
    ../../armsys.c                           0x00000000   Number         0  no_argv.o ABSOLUTE
    ../../armsys.c                           0x00000000   Number         0  _get_argv_nomalloc.o ABSOLUTE
    ../../armsys.c                           0x00000000   Number         0  argv_veneer.o ABSOLUTE
    ../../armsys.c                           0x00000000   Number         0  argv_veneer.o ABSOLUTE
    ../../fpinit.s                           0x00000000   Number         0  fpinit.o ABSOLUTE
    ../../heapalloc.c                        0x00000000   Number         0  hrguard.o ABSOLUTE
    ../../heapaux.c                          0x00000000   Number         0  heapauxi.o ABSOLUTE
    ../../libinit.s                          0x00000000   Number         0  libinit.o ABSOLUTE
    ../../libinit.s                          0x00000000   Number         0  libinit2.o ABSOLUTE
    ../../libinit.s                          0x00000000   Number         0  libshutdown2.o ABSOLUTE
    ../../libinit.s                          0x00000000   Number         0  libshutdown.o ABSOLUTE
    ../../signal.c                           0x00000000   Number         0  defsig_stak_inner.o ABSOLUTE
    ../../signal.c                           0x00000000   Number         0  defsig_exit.o ABSOLUTE
    ../../signal.c                           0x00000000   Number         0  defsig_rtred_inner.o ABSOLUTE
    ../../signal.c                           0x00000000   Number         0  defsig_fpe_inner.o ABSOLUTE
    ../../signal.c                           0x00000000   Number         0  defsig_abrt_inner.o ABSOLUTE
    ../../signal.c                           0x00000000   Number         0  defsig_general.o ABSOLUTE
    ../../signal.c                           0x00000000   Number         0  __raise.o ABSOLUTE
    ../../signal.c                           0x00000000   Number         0  defsig_rtmem_inner.o ABSOLUTE
    ../../signal.c                           0x00000000   Number         0  defsig_rtmem_formal.o ABSOLUTE
    ../../signal.c                           0x00000000   Number         0  defsig_rtmem_outer.o ABSOLUTE
    ../../signal.c                           0x00000000   Number         0  defsig_other.o ABSOLUTE
    ../../signal.c                           0x00000000   Number         0  defsig_segv_inner.o ABSOLUTE
    ../../signal.c                           0x00000000   Number         0  defsig_cppl_inner.o ABSOLUTE
    ../../signal.c                           0x00000000   Number         0  defsig_pvfn_inner.o ABSOLUTE
    ../../signal.s                           0x00000000   Number         0  defsig.o ABSOLUTE
    ../../stdlib.c                           0x00000000   Number         0  exit.o ABSOLUTE
    ../../stdlib.c                           0x00000000   Number         0  rand.o ABSOLUTE
    ..\CORE\core_cm3.c                       0x00000000   Number         0  core_cm3.o ABSOLUTE
    ..\CORE\startup_stm32f10x_md.s           0x00000000   Number         0  startup_stm32f10x_md.o ABSOLUTE
    ..\HARDWARE\BEEP\beep.c                  0x00000000   Number         0  beep.o ABSOLUTE
    ..\HARDWARE\PWM\pwm.c                    0x00000000   Number         0  pwm.o ABSOLUTE
    ..\HARDWARE\REMOTE\remote.c              0x00000000   Number         0  remote.o ABSOLUTE
    ..\STM32F10x_FWLib\src\misc.c            0x00000000   Number         0  misc.o ABSOLUTE
    ..\STM32F10x_FWLib\src\stm32f10x_exti.c  0x00000000   Number         0  stm32f10x_exti.o ABSOLUTE
    ..\STM32F10x_FWLib\src\stm32f10x_gpio.c  0x00000000   Number         0  stm32f10x_gpio.o ABSOLUTE
    ..\STM32F10x_FWLib\src\stm32f10x_rcc.c   0x00000000   Number         0  stm32f10x_rcc.o ABSOLUTE
    ..\STM32F10x_FWLib\src\stm32f10x_tim.c   0x00000000   Number         0  stm32f10x_tim.o ABSOLUTE
    ..\STM32F10x_FWLib\src\stm32f10x_usart.c 0x00000000   Number         0  stm32f10x_usart.o ABSOLUTE
    ..\SYSTEM\delay\delay.c                  0x00000000   Number         0  delay.o ABSOLUTE
    ..\SYSTEM\sys\sys.c                      0x00000000   Number         0  sys.o ABSOLUTE
    ..\SYSTEM\usart\usart.c                  0x00000000   Number         0  usart.o ABSOLUTE
    ..\\CORE\\core_cm3.c                     0x00000000   Number         0  core_cm3.o ABSOLUTE
    dc.s                                     0x00000000   Number         0  dc.o ABSOLUTE
    main.c                                   0x00000000   Number         0  main.o ABSOLUTE
    stm32f10x_it.c                           0x00000000   Number         0  stm32f10x_it.o ABSOLUTE
    system_stm32f10x.c                       0x00000000   Number         0  system_stm32f10x.o ABSOLUTE
    RESET                                    0x08000000   Section      236  startup_stm32f10x_md.o(RESET)
    !!!main                                  0x080000ec   Section        8  __main.o(!!!main)
    !!!scatter                               0x080000f4   Section       52  __scatter.o(!!!scatter)
    !!handler_copy                           0x08000128   Section       26  __scatter_copy.o(!!handler_copy)
    !!handler_zi                             0x08000144   Section       28  __scatter_zi.o(!!handler_zi)
    .ARM.Collect$$libinit$$00000000          0x08000160   Section        6  libinit.o(.ARM.Collect$$libinit$$00000000)
    .ARM.Collect$$libinit$$00000006          0x08000166   Section        0  libinit2.o(.ARM.Collect$$libinit$$00000006)
    .ARM.Collect$$libinit$$00000008          0x08000166   Section        0  libinit2.o(.ARM.Collect$$libinit$$00000008)
    .ARM.Collect$$libinit$$00000009          0x08000166   Section        4  libinit2.o(.ARM.Collect$$libinit$$00000009)
    .ARM.Collect$$libinit$$0000000A          0x0800016a   Section        0  libinit2.o(.ARM.Collect$$libinit$$0000000A)
    .ARM.Collect$$libinit$$0000000D          0x0800016a   Section        0  libinit2.o(.ARM.Collect$$libinit$$0000000D)
    .ARM.Collect$$libinit$$0000000F          0x0800016a   Section        0  libinit2.o(.ARM.Collect$$libinit$$0000000F)
    .ARM.Collect$$libinit$$00000011          0x0800016a   Section        0  libinit2.o(.ARM.Collect$$libinit$$00000011)
    .ARM.Collect$$libinit$$00000013          0x0800016a   Section        0  libinit2.o(.ARM.Collect$$libinit$$00000013)
    .ARM.Collect$$libinit$$00000015          0x0800016a   Section        0  libinit2.o(.ARM.Collect$$libinit$$00000015)
    .ARM.Collect$$libinit$$00000017          0x0800016a   Section        0  libinit2.o(.ARM.Collect$$libinit$$00000017)
    .ARM.Collect$$libinit$$00000019          0x0800016a   Section        0  libinit2.o(.ARM.Collect$$libinit$$00000019)
    .ARM.Collect$$libinit$$0000001B          0x0800016a   Section        0  libinit2.o(.ARM.Collect$$libinit$$0000001B)
    .ARM.Collect$$libinit$$0000001D          0x0800016a   Section        0  libinit2.o(.ARM.Collect$$libinit$$0000001D)
    .ARM.Collect$$libinit$$0000001F          0x0800016a   Section        0  libinit2.o(.ARM.Collect$$libinit$$0000001F)
    .ARM.Collect$$libinit$$00000021          0x0800016a   Section        0  libinit2.o(.ARM.Collect$$libinit$$00000021)
    .ARM.Collect$$libinit$$00000028          0x0800016a   Section        0  libinit2.o(.ARM.Collect$$libinit$$00000028)
    .ARM.Collect$$libinit$$0000002A          0x0800016a   Section        0  libinit2.o(.ARM.Collect$$libinit$$0000002A)
    .ARM.Collect$$libinit$$0000002C          0x0800016a   Section        0  libinit2.o(.ARM.Collect$$libinit$$0000002C)
    .ARM.Collect$$libinit$$0000002E          0x0800016a   Section        0  libinit2.o(.ARM.Collect$$libinit$$0000002E)
    .ARM.Collect$$libinit$$0000002F          0x0800016a   Section        2  libinit2.o(.ARM.Collect$$libinit$$0000002F)
    .ARM.Collect$$libshutdown$$00000000      0x0800016c   Section        2  libshutdown.o(.ARM.Collect$$libshutdown$$00000000)
    .ARM.Collect$$libshutdown$$00000003      0x0800016e   Section        0  libshutdown2.o(.ARM.Collect$$libshutdown$$00000003)
    .ARM.Collect$$libshutdown$$00000006      0x0800016e   Section        0  libshutdown2.o(.ARM.Collect$$libshutdown$$00000006)
    .ARM.Collect$$libshutdown$$00000009      0x0800016e   Section        0  libshutdown2.o(.ARM.Collect$$libshutdown$$00000009)
    .ARM.Collect$$libshutdown$$0000000B      0x0800016e   Section        0  libshutdown2.o(.ARM.Collect$$libshutdown$$0000000B)
    .ARM.Collect$$libshutdown$$0000000E      0x0800016e   Section        0  libshutdown2.o(.ARM.Collect$$libshutdown$$0000000E)
    .ARM.Collect$$libshutdown$$0000000F      0x0800016e   Section        2  libshutdown2.o(.ARM.Collect$$libshutdown$$0000000F)
    .ARM.Collect$$rtentry$$00000000          0x08000170   Section        0  rtentry.o(.ARM.Collect$$rtentry$$00000000)
    .ARM.Collect$$rtentry$$00000002          0x08000170   Section        0  rtentry2.o(.ARM.Collect$$rtentry$$00000002)
    .ARM.Collect$$rtentry$$00000004          0x08000170   Section        6  rtentry4.o(.ARM.Collect$$rtentry$$00000004)
    .ARM.Collect$$rtentry$$00000009          0x08000176   Section        0  rtentry2.o(.ARM.Collect$$rtentry$$00000009)
    .ARM.Collect$$rtentry$$0000000A          0x08000176   Section        4  rtentry2.o(.ARM.Collect$$rtentry$$0000000A)
    .ARM.Collect$$rtentry$$0000000C          0x0800017a   Section        0  rtentry2.o(.ARM.Collect$$rtentry$$0000000C)
    .ARM.Collect$$rtentry$$0000000D          0x0800017a   Section        8  rtentry2.o(.ARM.Collect$$rtentry$$0000000D)
    .ARM.Collect$$rtexit$$00000000           0x08000182   Section        0  rtexit.o(.ARM.Collect$$rtexit$$00000000)
    .ARM.Collect$$rtexit$$00000002           0x08000182   Section        0  rtexit2.o(.ARM.Collect$$rtexit$$00000002)
    .ARM.Collect$$rtexit$$00000003           0x08000182   Section        4  rtexit2.o(.ARM.Collect$$rtexit$$00000003)
    .ARM.Collect$$rtexit$$00000004           0x08000186   Section        4  rtexit2.o(.ARM.Collect$$rtexit$$00000004)
    .text                                    0x0800018c   Section     4208  main.o(.text)
    .text                                    0x080011fc   Section       26  stm32f10x_it.o(.text)
    .text                                    0x08001218   Section      456  system_stm32f10x.o(.text)
    SetSysClockTo72                          0x08001219   Thumb Code   192  system_stm32f10x.o(.text)
    SetSysClock                              0x080012d9   Thumb Code     8  system_stm32f10x.o(.text)
    .text                                    0x080013e0   Section       64  startup_stm32f10x_md.o(.text)
    .text                                    0x08001420   Section      224  misc.o(.text)
    .text                                    0x08001500   Section      304  stm32f10x_exti.o(.text)
    .text                                    0x08001630   Section      840  stm32f10x_gpio.o(.text)
    .text                                    0x08001978   Section     3426  stm32f10x_tim.o(.text)
    TI4_Config                               0x08001e01   Thumb Code   114  stm32f10x_tim.o(.text)
    TI3_Config                               0x08001e85   Thumb Code   110  stm32f10x_tim.o(.text)
    TI2_Config                               0x08001f09   Thumb Code   114  stm32f10x_tim.o(.text)
    TI1_Config                               0x08001f8d   Thumb Code   102  stm32f10x_tim.o(.text)
    .text                                    0x080026dc   Section     1032  stm32f10x_usart.o(.text)
    .text                                    0x08002ae4   Section      912  stm32f10x_rcc.o(.text)
    .text                                    0x08002e74   Section      152  delay.o(.text)
    .text                                    0x08002f0c   Section       12  sys.o(.text)
    .text                                    0x08002f18   Section      748  usart.o(.text)
    .text                                    0x08003204   Section      288  pwm.o(.text)
    .text                                    0x08003324   Section     1028  remote.o(.text)
    .text                                    0x08003728   Section       52  beep.o(.text)
    .text                                    0x0800375c   Section        2  use_no_semi_2.o(.text)
    .text                                    0x08003760   Section      120  rand.o(.text)
    .text                                    0x080037d8   Section        6  heapauxi.o(.text)
    .text                                    0x080037de   Section        2  use_no_semi.o(.text)
    .text                                    0x080037e0   Section       74  sys_stackheap_outer.o(.text)
    .text                                    0x0800382a   Section       12  exit.o(.text)
    .text                                    0x08003838   Section        8  libspace.o(.text)
    .data                                    0x20000000   Section       20  main.o(.data)
    .data                                    0x20000014   Section       20  system_stm32f10x.o(.data)
    .data                                    0x20000028   Section       20  stm32f10x_rcc.o(.data)
    APBAHBPrescTable                         0x20000028   Data          16  stm32f10x_rcc.o(.data)
    ADCPrescTable                            0x20000038   Data           4  stm32f10x_rcc.o(.data)
    .data                                    0x2000003c   Section        4  delay.o(.data)
    fac_us                                   0x2000003c   Data           1  delay.o(.data)
    fac_ms                                   0x2000003e   Data           2  delay.o(.data)
    .data                                    0x20000040   Section        9  remote.o(.data)
    .data                                    0x2000004c   Section        8  rand.o(.data)
    _random_j                                0x2000004c   Data           4  rand.o(.data)
    _random_k                                0x20000050   Data           4  rand.o(.data)
    .bss                                     0x20000054   Section      220  rand.o(.bss)
    _random_number_seed                      0x20000054   Data         220  rand.o(.bss)
    .bss                                     0x20000130   Section       96  libspace.o(.bss)
    HEAP                                     0x20000190   Section      512  startup_stm32f10x_md.o(HEAP)
    Heap_Mem                                 0x20000190   Data         512  startup_stm32f10x_md.o(HEAP)
    STACK                                    0x20000390   Section     1024  startup_stm32f10x_md.o(STACK)
    Stack_Mem                                0x20000390   Data        1024  startup_stm32f10x_md.o(STACK)
    __initial_sp                             0x20000790   Data           0  startup_stm32f10x_md.o(STACK)

    Global Symbols

    Symbol Name                              Value     Ov Type        Size  Object(Section)

    BuildAttributes$$THM_ISAv4$P$D$K$B$S$PE$A:L22UL41UL21$X:L11$S22US41US21$IEEE1$IW$USESV6$~STKCKD$USESV7$~SHL$OSPACE$ROPI$EBA8$UX$STANDARDLIB$REQ8$PRES8$EABIv2 0x00000000   Number         0  anon$$obj.o ABSOLUTE
    __ARM_use_no_argv                        0x00000000   Number         0  main.o ABSOLUTE
    __ARM_exceptions_init                     - Undefined Weak Reference
    __alloca_initialize                       - Undefined Weak Reference
    __cpp_initialize__aeabi_                  - Undefined Weak Reference
    __cxa_finalize                            - Undefined Weak Reference
    __rt_locale                               - Undefined Weak Reference
    __sigvec_lookup                           - Undefined Weak Reference
    _atexit_init                              - Undefined Weak Reference
    _call_atexit_fns                          - Undefined Weak Reference
    _clock_init                               - Undefined Weak Reference
    _fp_trap_init                             - Undefined Weak Reference
    _fp_trap_shutdown                         - Undefined Weak Reference
    _get_lc_collate                           - Undefined Weak Reference
    _get_lc_ctype                             - Undefined Weak Reference
    _get_lc_monetary                          - Undefined Weak Reference
    _get_lc_numeric                           - Undefined Weak Reference
    _get_lc_time                              - Undefined Weak Reference
    _getenv_init                              - Undefined Weak Reference
    _handle_redirection                       - Undefined Weak Reference
    _init_alloc                               - Undefined Weak Reference
    _init_user_alloc                          - Undefined Weak Reference
    _initio                                   - Undefined Weak Reference
    _signal_finish                            - Undefined Weak Reference
    _signal_init                              - Undefined Weak Reference
    _terminate_alloc                          - Undefined Weak Reference
    _terminate_user_alloc                     - Undefined Weak Reference
    _terminateio                              - Undefined Weak Reference
    __Vectors_Size                           0x000000ec   Number         0  startup_stm32f10x_md.o ABSOLUTE
    __Vectors                                0x08000000   Data           4  startup_stm32f10x_md.o(RESET)
    __Vectors_End                            0x080000ec   Data           0  startup_stm32f10x_md.o(RESET)
    __main                                   0x080000ed   Thumb Code     8  __main.o(!!!main)
    __scatterload                            0x080000f5   Thumb Code     0  __scatter.o(!!!scatter)
    __scatterload_rt2                        0x080000f5   Thumb Code    44  __scatter.o(!!!scatter)
    __scatterload_rt2_thumb_only             0x080000f5   Thumb Code     0  __scatter.o(!!!scatter)
    __scatterload_null                       0x08000103   Thumb Code     0  __scatter.o(!!!scatter)
    __scatterload_copy                       0x08000129   Thumb Code    26  __scatter_copy.o(!!handler_copy)
    __scatterload_zeroinit                   0x08000145   Thumb Code    28  __scatter_zi.o(!!handler_zi)
    __rt_lib_init                            0x08000161   Thumb Code     0  libinit.o(.ARM.Collect$$libinit$$00000000)
    __rt_lib_init_heap_1                     0x08000167   Thumb Code     0  libinit2.o(.ARM.Collect$$libinit$$00000006)
    __rt_lib_init_rand_2                     0x08000167   Thumb Code     0  libinit2.o(.ARM.Collect$$libinit$$00000009)
    __rt_lib_init_user_alloc_1               0x08000167   Thumb Code     0  libinit2.o(.ARM.Collect$$libinit$$00000008)
    __rt_lib_init_alloca_1                   0x0800016b   Thumb Code     0  libinit2.o(.ARM.Collect$$libinit$$0000002A)
    __rt_lib_init_argv_1                     0x0800016b   Thumb Code     0  libinit2.o(.ARM.Collect$$libinit$$00000028)
    __rt_lib_init_atexit_1                   0x0800016b   Thumb Code     0  libinit2.o(.ARM.Collect$$libinit$$00000017)
    __rt_lib_init_clock_1                    0x0800016b   Thumb Code     0  libinit2.o(.ARM.Collect$$libinit$$0000001D)
    __rt_lib_init_cpp_1                      0x0800016b   Thumb Code     0  libinit2.o(.ARM.Collect$$libinit$$0000002E)
    __rt_lib_init_exceptions_1               0x0800016b   Thumb Code     0  libinit2.o(.ARM.Collect$$libinit$$0000002C)
    __rt_lib_init_fp_trap_1                  0x0800016b   Thumb Code     0  libinit2.o(.ARM.Collect$$libinit$$0000001B)
    __rt_lib_init_getenv_1                   0x0800016b   Thumb Code     0  libinit2.o(.ARM.Collect$$libinit$$0000001F)
    __rt_lib_init_lc_collate_1               0x0800016b   Thumb Code     0  libinit2.o(.ARM.Collect$$libinit$$0000000D)
    __rt_lib_init_lc_ctype_1                 0x0800016b   Thumb Code     0  libinit2.o(.ARM.Collect$$libinit$$0000000F)
    __rt_lib_init_lc_monetary_1              0x0800016b   Thumb Code     0  libinit2.o(.ARM.Collect$$libinit$$00000011)
    __rt_lib_init_lc_numeric_1               0x0800016b   Thumb Code     0  libinit2.o(.ARM.Collect$$libinit$$00000013)
    __rt_lib_init_lc_time_1                  0x0800016b   Thumb Code     0  libinit2.o(.ARM.Collect$$libinit$$00000015)
    __rt_lib_init_rand_1                     0x0800016b   Thumb Code     0  libinit2.o(.ARM.Collect$$libinit$$0000000A)
    __rt_lib_init_return                     0x0800016b   Thumb Code     0  libinit2.o(.ARM.Collect$$libinit$$0000002F)
    __rt_lib_init_signal_1                   0x0800016b   Thumb Code     0  libinit2.o(.ARM.Collect$$libinit$$00000019)
    __rt_lib_init_stdio_1                    0x0800016b   Thumb Code     0  libinit2.o(.ARM.Collect$$libinit$$00000021)
    __rt_lib_shutdown                        0x0800016d   Thumb Code     0  libshutdown.o(.ARM.Collect$$libshutdown$$00000000)
    __rt_lib_shutdown_fp_trap_1              0x0800016f   Thumb Code     0  libshutdown2.o(.ARM.Collect$$libshutdown$$00000006)
    __rt_lib_shutdown_heap_1                 0x0800016f   Thumb Code     0  libshutdown2.o(.ARM.Collect$$libshutdown$$0000000E)
    __rt_lib_shutdown_return                 0x0800016f   Thumb Code     0  libshutdown2.o(.ARM.Collect$$libshutdown$$0000000F)
    __rt_lib_shutdown_signal_1               0x0800016f   Thumb Code     0  libshutdown2.o(.ARM.Collect$$libshutdown$$00000009)
    __rt_lib_shutdown_stdio_1                0x0800016f   Thumb Code     0  libshutdown2.o(.ARM.Collect$$libshutdown$$00000003)
    __rt_lib_shutdown_user_alloc_1           0x0800016f   Thumb Code     0  libshutdown2.o(.ARM.Collect$$libshutdown$$0000000B)
    __rt_entry                               0x08000171   Thumb Code     0  rtentry.o(.ARM.Collect$$rtentry$$00000000)
    __rt_entry_presh_1                       0x08000171   Thumb Code     0  rtentry2.o(.ARM.Collect$$rtentry$$00000002)
    __rt_entry_sh                            0x08000171   Thumb Code     0  rtentry4.o(.ARM.Collect$$rtentry$$00000004)
    __rt_entry_li                            0x08000177   Thumb Code     0  rtentry2.o(.ARM.Collect$$rtentry$$0000000A)
    __rt_entry_postsh_1                      0x08000177   Thumb Code     0  rtentry2.o(.ARM.Collect$$rtentry$$00000009)
    __rt_entry_main                          0x0800017b   Thumb Code     0  rtentry2.o(.ARM.Collect$$rtentry$$0000000D)
    __rt_entry_postli_1                      0x0800017b   Thumb Code     0  rtentry2.o(.ARM.Collect$$rtentry$$0000000C)
    __rt_exit                                0x08000183   Thumb Code     0  rtexit.o(.ARM.Collect$$rtexit$$00000000)
    __rt_exit_ls                             0x08000183   Thumb Code     0  rtexit2.o(.ARM.Collect$$rtexit$$00000003)
    __rt_exit_prels_1                        0x08000183   Thumb Code     0  rtexit2.o(.ARM.Collect$$rtexit$$00000002)
    __rt_exit_exit                           0x08000187   Thumb Code     0  rtexit2.o(.ARM.Collect$$rtexit$$00000004)
    Add_Sub                                  0x0800018d   Thumb Code   218  main.o(.text)
    Key44_Function                           0x08000267   Thumb Code   290  main.o(.text)
    Key43_Function                           0x08000389   Thumb Code   162  main.o(.text)
    Key42_Function                           0x0800042b   Thumb Code   162  main.o(.text)
    Key41_Function                           0x080004cd   Thumb Code   162  main.o(.text)
    Key40_Function                           0x0800056f   Thumb Code   200  main.o(.text)
    Key39_Function                           0x08000637   Thumb Code   162  main.o(.text)
    Key38_Function                           0x080006d9   Thumb Code   162  main.o(.text)
    Key37_Function                           0x0800077b   Thumb Code   162  main.o(.text)
    Key36_Function                           0x0800081d   Thumb Code    24  main.o(.text)
    Key35_Function                           0x08000835   Thumb Code    40  main.o(.text)
    Key34_Function                           0x0800085d   Thumb Code    40  main.o(.text)
    Key32_Function                           0x08000885   Thumb Code   100  main.o(.text)
    Key31_Function                           0x080008e9   Thumb Code    44  main.o(.text)
    Key30_Function                           0x08000915   Thumb Code    44  main.o(.text)
    Key29_Function                           0x08000941   Thumb Code    46  main.o(.text)
    Key28_Function                           0x0800096f   Thumb Code   146  main.o(.text)
    Key27_Function                           0x08000a01   Thumb Code    44  main.o(.text)
    Key26_Function                           0x08000a2d   Thumb Code    44  main.o(.text)
    Key25_Function                           0x08000a59   Thumb Code    46  main.o(.text)
    Key24_Function                           0x08000a87   Thumb Code     2  main.o(.text)
    Key23_Function                           0x08000a89   Thumb Code    60  main.o(.text)
    Key22_Function                           0x08000ac5   Thumb Code    60  main.o(.text)
    Key21_Function                           0x08000b01   Thumb Code    60  main.o(.text)
    Key20_Function                           0x08000b3d   Thumb Code    60  main.o(.text)
    Key19_Function                           0x08000b79   Thumb Code    60  main.o(.text)
    Key18_Function                           0x08000bb5   Thumb Code    60  main.o(.text)
    Key17_Function                           0x08000bf1   Thumb Code    60  main.o(.text)
    Key16_Function                           0x08000c2d   Thumb Code    60  main.o(.text)
    Key15_Function                           0x08000c69   Thumb Code    60  main.o(.text)
    Key14_Function                           0x08000ca5   Thumb Code    58  main.o(.text)
    Key13_Function                           0x08000cdf   Thumb Code    60  main.o(.text)
    Key12_Function                           0x08000d1b   Thumb Code    60  main.o(.text)
    Key11_Function                           0x08000d57   Thumb Code    60  main.o(.text)
    Key10_Function                           0x08000d93   Thumb Code    58  main.o(.text)
    Key9_Function                            0x08000dcd   Thumb Code    86  main.o(.text)
    Key8_Function                            0x08000e23   Thumb Code    56  main.o(.text)
    Key7_Function                            0x08000e5b   Thumb Code    58  main.o(.text)
    Key6_Function                            0x08000e95   Thumb Code    60  main.o(.text)
    Key5_Function                            0x08000ed1   Thumb Code    58  main.o(.text)
    Key3_Function                            0x08000f0b   Thumb Code     2  main.o(.text)
    Key2_Function                            0x08000f0d   Thumb Code     2  main.o(.text)
    Sleep_Mode                               0x08000f0f   Thumb Code    12  main.o(.text)
    main                                     0x08000f1b   Thumb Code   548  main.o(.text)
    ring                                     0x0800113f   Thumb Code    34  main.o(.text)
    Key1_Function                            0x08001161   Thumb Code    18  main.o(.text)
    Key4_Function                            0x08001173   Thumb Code    64  main.o(.text)
    Key33_Function                           0x080011b3   Thumb Code    34  main.o(.text)
    NMI_Handler                              0x080011fd   Thumb Code     2  stm32f10x_it.o(.text)
    HardFault_Handler                        0x080011ff   Thumb Code     4  stm32f10x_it.o(.text)
    MemManage_Handler                        0x08001203   Thumb Code     4  stm32f10x_it.o(.text)
    BusFault_Handler                         0x08001207   Thumb Code     4  stm32f10x_it.o(.text)
    UsageFault_Handler                       0x0800120b   Thumb Code     4  stm32f10x_it.o(.text)
    SVC_Handler                              0x0800120f   Thumb Code     2  stm32f10x_it.o(.text)
    DebugMon_Handler                         0x08001211   Thumb Code     2  stm32f10x_it.o(.text)
    PendSV_Handler                           0x08001213   Thumb Code     2  stm32f10x_it.o(.text)
    SysTick_Handler                          0x08001215   Thumb Code     2  stm32f10x_it.o(.text)
    SystemInit                               0x080012e1   Thumb Code    78  system_stm32f10x.o(.text)
    SystemCoreClockUpdate                    0x0800132f   Thumb Code   142  system_stm32f10x.o(.text)
    Reset_Handler                            0x080013e1   Thumb Code     8  startup_stm32f10x_md.o(.text)
    ADC1_2_IRQHandler                        0x080013fb   Thumb Code     0  startup_stm32f10x_md.o(.text)
    CAN1_RX1_IRQHandler                      0x080013fb   Thumb Code     0  startup_stm32f10x_md.o(.text)
    CAN1_SCE_IRQHandler                      0x080013fb   Thumb Code     0  startup_stm32f10x_md.o(.text)
    DMA1_Channel1_IRQHandler                 0x080013fb   Thumb Code     0  startup_stm32f10x_md.o(.text)
    DMA1_Channel2_IRQHandler                 0x080013fb   Thumb Code     0  startup_stm32f10x_md.o(.text)
    DMA1_Channel3_IRQHandler                 0x080013fb   Thumb Code     0  startup_stm32f10x_md.o(.text)
    DMA1_Channel4_IRQHandler                 0x080013fb   Thumb Code     0  startup_stm32f10x_md.o(.text)
    DMA1_Channel5_IRQHandler                 0x080013fb   Thumb Code     0  startup_stm32f10x_md.o(.text)
    DMA1_Channel6_IRQHandler                 0x080013fb   Thumb Code     0  startup_stm32f10x_md.o(.text)
    DMA1_Channel7_IRQHandler                 0x080013fb   Thumb Code     0  startup_stm32f10x_md.o(.text)
    EXTI0_IRQHandler                         0x080013fb   Thumb Code     0  startup_stm32f10x_md.o(.text)
    EXTI15_10_IRQHandler                     0x080013fb   Thumb Code     0  startup_stm32f10x_md.o(.text)
    EXTI2_IRQHandler                         0x080013fb   Thumb Code     0  startup_stm32f10x_md.o(.text)
    EXTI3_IRQHandler                         0x080013fb   Thumb Code     0  startup_stm32f10x_md.o(.text)
    EXTI4_IRQHandler                         0x080013fb   Thumb Code     0  startup_stm32f10x_md.o(.text)
    EXTI9_5_IRQHandler                       0x080013fb   Thumb Code     0  startup_stm32f10x_md.o(.text)
    FLASH_IRQHandler                         0x080013fb   Thumb Code     0  startup_stm32f10x_md.o(.text)
    I2C1_ER_IRQHandler                       0x080013fb   Thumb Code     0  startup_stm32f10x_md.o(.text)
    I2C1_EV_IRQHandler                       0x080013fb   Thumb Code     0  startup_stm32f10x_md.o(.text)
    I2C2_ER_IRQHandler                       0x080013fb   Thumb Code     0  startup_stm32f10x_md.o(.text)
    I2C2_EV_IRQHandler                       0x080013fb   Thumb Code     0  startup_stm32f10x_md.o(.text)
    PVD_IRQHandler                           0x080013fb   Thumb Code     0  startup_stm32f10x_md.o(.text)
    RCC_IRQHandler                           0x080013fb   Thumb Code     0  startup_stm32f10x_md.o(.text)
    RTCAlarm_IRQHandler                      0x080013fb   Thumb Code     0  startup_stm32f10x_md.o(.text)
    RTC_IRQHandler                           0x080013fb   Thumb Code     0  startup_stm32f10x_md.o(.text)
    SPI1_IRQHandler                          0x080013fb   Thumb Code     0  startup_stm32f10x_md.o(.text)
    SPI2_IRQHandler                          0x080013fb   Thumb Code     0  startup_stm32f10x_md.o(.text)
    TAMPER_IRQHandler                        0x080013fb   Thumb Code     0  startup_stm32f10x_md.o(.text)
    TIM1_BRK_IRQHandler                      0x080013fb   Thumb Code     0  startup_stm32f10x_md.o(.text)
    TIM1_CC_IRQHandler                       0x080013fb   Thumb Code     0  startup_stm32f10x_md.o(.text)
    TIM1_TRG_COM_IRQHandler                  0x080013fb   Thumb Code     0  startup_stm32f10x_md.o(.text)
    TIM1_UP_IRQHandler                       0x080013fb   Thumb Code     0  startup_stm32f10x_md.o(.text)
    TIM2_IRQHandler                          0x080013fb   Thumb Code     0  startup_stm32f10x_md.o(.text)
    TIM3_IRQHandler                          0x080013fb   Thumb Code     0  startup_stm32f10x_md.o(.text)
    TIM4_IRQHandler                          0x080013fb   Thumb Code     0  startup_stm32f10x_md.o(.text)
    USART2_IRQHandler                        0x080013fb   Thumb Code     0  startup_stm32f10x_md.o(.text)
    USART3_IRQHandler                        0x080013fb   Thumb Code     0  startup_stm32f10x_md.o(.text)
    USBWakeUp_IRQHandler                     0x080013fb   Thumb Code     0  startup_stm32f10x_md.o(.text)
    USB_HP_CAN1_TX_IRQHandler                0x080013fb   Thumb Code     0  startup_stm32f10x_md.o(.text)
    USB_LP_CAN1_RX0_IRQHandler               0x080013fb   Thumb Code     0  startup_stm32f10x_md.o(.text)
    WWDG_IRQHandler                          0x080013fb   Thumb Code     0  startup_stm32f10x_md.o(.text)
    __user_initial_stackheap                 0x080013fd   Thumb Code     0  startup_stm32f10x_md.o(.text)
    NVIC_PriorityGroupConfig                 0x08001421   Thumb Code    10  misc.o(.text)
    NVIC_Init                                0x0800142b   Thumb Code   102  misc.o(.text)
    NVIC_SetVectorTable                      0x08001491   Thumb Code    14  misc.o(.text)
    NVIC_SystemLPConfig                      0x0800149f   Thumb Code    38  misc.o(.text)
    SysTick_CLKSourceConfig                  0x080014c5   Thumb Code    40  misc.o(.text)
    EXTI_DeInit                              0x08001501   Thumb Code    32  stm32f10x_exti.o(.text)
    EXTI_Init                                0x08001521   Thumb Code   154  stm32f10x_exti.o(.text)
    EXTI_StructInit                          0x080015bb   Thumb Code    16  stm32f10x_exti.o(.text)
    EXTI_GenerateSWInterrupt                 0x080015cb   Thumb Code    16  stm32f10x_exti.o(.text)
    EXTI_GetFlagStatus                       0x080015db   Thumb Code    22  stm32f10x_exti.o(.text)
    EXTI_ClearFlag                           0x080015f1   Thumb Code     8  stm32f10x_exti.o(.text)
    EXTI_GetITStatus                         0x080015f9   Thumb Code    34  stm32f10x_exti.o(.text)
    EXTI_ClearITPendingBit                   0x0800161b   Thumb Code     8  stm32f10x_exti.o(.text)
    GPIO_DeInit                              0x08001631   Thumb Code   172  stm32f10x_gpio.o(.text)
    GPIO_AFIODeInit                          0x080016dd   Thumb Code    20  stm32f10x_gpio.o(.text)
    GPIO_Init                                0x080016f1   Thumb Code   268  stm32f10x_gpio.o(.text)
    GPIO_StructInit                          0x080017fd   Thumb Code    16  stm32f10x_gpio.o(.text)
    GPIO_ReadInputDataBit                    0x0800180d   Thumb Code    18  stm32f10x_gpio.o(.text)
    GPIO_ReadInputData                       0x0800181f   Thumb Code     8  stm32f10x_gpio.o(.text)
    GPIO_ReadOutputDataBit                   0x08001827   Thumb Code    18  stm32f10x_gpio.o(.text)
    GPIO_ReadOutputData                      0x08001839   Thumb Code     8  stm32f10x_gpio.o(.text)
    GPIO_SetBits                             0x08001841   Thumb Code     4  stm32f10x_gpio.o(.text)
    GPIO_ResetBits                           0x08001845   Thumb Code     4  stm32f10x_gpio.o(.text)
    GPIO_WriteBit                            0x08001849   Thumb Code    10  stm32f10x_gpio.o(.text)
    GPIO_Write                               0x08001853   Thumb Code     4  stm32f10x_gpio.o(.text)
    GPIO_PinLockConfig                       0x08001857   Thumb Code    18  stm32f10x_gpio.o(.text)
    GPIO_EventOutputConfig                   0x08001869   Thumb Code    24  stm32f10x_gpio.o(.text)
    GPIO_EventOutputCmd                      0x08001881   Thumb Code     6  stm32f10x_gpio.o(.text)
    GPIO_PinRemapConfig                      0x08001887   Thumb Code   136  stm32f10x_gpio.o(.text)
    GPIO_EXTILineConfig                      0x0800190f   Thumb Code    60  stm32f10x_gpio.o(.text)
    GPIO_ETH_MediaInterfaceConfig            0x0800194b   Thumb Code     8  stm32f10x_gpio.o(.text)
    TIM_DeInit                               0x08001979   Thumb Code   424  stm32f10x_tim.o(.text)
    TIM_TimeBaseInit                         0x08001b21   Thumb Code   122  stm32f10x_tim.o(.text)
    TIM_OC1Init                              0x08001b9b   Thumb Code   132  stm32f10x_tim.o(.text)
    TIM_OC2Init                              0x08001c1f   Thumb Code   146  stm32f10x_tim.o(.text)
    TIM_OC3Init                              0x08001cb1   Thumb Code   142  stm32f10x_tim.o(.text)
    TIM_OC4Init                              0x08001d3f   Thumb Code   172  stm32f10x_tim.o(.text)
    TIM_SetIC4Prescaler                      0x08001deb   Thumb Code    22  stm32f10x_tim.o(.text)
    TIM_SetIC3Prescaler                      0x08001e73   Thumb Code    18  stm32f10x_tim.o(.text)
    TIM_SetIC2Prescaler                      0x08001ef3   Thumb Code    22  stm32f10x_tim.o(.text)
    TIM_SetIC1Prescaler                      0x08001f7b   Thumb Code    18  stm32f10x_tim.o(.text)
    TIM_ICInit                               0x08001ff3   Thumb Code   150  stm32f10x_tim.o(.text)
    TIM_PWMIConfig                           0x08002089   Thumb Code   124  stm32f10x_tim.o(.text)
    TIM_BDTRConfig                           0x08002105   Thumb Code    32  stm32f10x_tim.o(.text)
    TIM_TimeBaseStructInit                   0x08002125   Thumb Code    18  stm32f10x_tim.o(.text)
    TIM_OCStructInit                         0x08002137   Thumb Code    20  stm32f10x_tim.o(.text)
    TIM_ICStructInit                         0x0800214b   Thumb Code    18  stm32f10x_tim.o(.text)
    TIM_BDTRStructInit                       0x0800215d   Thumb Code    18  stm32f10x_tim.o(.text)
    TIM_Cmd                                  0x0800216f   Thumb Code    24  stm32f10x_tim.o(.text)
    TIM_CtrlPWMOutputs                       0x08002187   Thumb Code    50  stm32f10x_tim.o(.text)
    TIM_ITConfig                             0x080021b9   Thumb Code    24  stm32f10x_tim.o(.text)
    TIM_GenerateEvent                        0x080021d1   Thumb Code     4  stm32f10x_tim.o(.text)
    TIM_DMAConfig                            0x080021d5   Thumb Code    10  stm32f10x_tim.o(.text)
    TIM_DMACmd                               0x080021df   Thumb Code    24  stm32f10x_tim.o(.text)
    TIM_InternalClockConfig                  0x080021f7   Thumb Code    12  stm32f10x_tim.o(.text)
    TIM_SelectInputTrigger                   0x08002203   Thumb Code    16  stm32f10x_tim.o(.text)
    TIM_ITRxExternalClockConfig              0x08002213   Thumb Code    24  stm32f10x_tim.o(.text)
    TIM_TIxExternalClockConfig               0x0800222b   Thumb Code    62  stm32f10x_tim.o(.text)
    TIM_ETRConfig                            0x08002269   Thumb Code    22  stm32f10x_tim.o(.text)
    TIM_ETRClockMode1Config                  0x0800227f   Thumb Code    54  stm32f10x_tim.o(.text)
    TIM_ETRClockMode2Config                  0x080022b5   Thumb Code    32  stm32f10x_tim.o(.text)
    TIM_PrescalerConfig                      0x080022d5   Thumb Code     6  stm32f10x_tim.o(.text)
    TIM_CounterModeConfig                    0x080022db   Thumb Code    16  stm32f10x_tim.o(.text)
    TIM_EncoderInterfaceConfig               0x080022eb   Thumb Code    56  stm32f10x_tim.o(.text)
    TIM_ForcedOC1Config                      0x08002323   Thumb Code    16  stm32f10x_tim.o(.text)
    TIM_ForcedOC2Config                      0x08002333   Thumb Code    20  stm32f10x_tim.o(.text)
    TIM_ForcedOC3Config                      0x08002347   Thumb Code    16  stm32f10x_tim.o(.text)
    TIM_ForcedOC4Config                      0x08002357   Thumb Code    20  stm32f10x_tim.o(.text)
    TIM_ARRPreloadConfig                     0x0800236b   Thumb Code    24  stm32f10x_tim.o(.text)
    TIM_SelectCOM                            0x08002383   Thumb Code    24  stm32f10x_tim.o(.text)
    TIM_SelectCCDMA                          0x0800239b   Thumb Code    24  stm32f10x_tim.o(.text)
    TIM_CCPreloadControl                     0x080023b3   Thumb Code    24  stm32f10x_tim.o(.text)
    TIM_OC1PreloadConfig                     0x080023cb   Thumb Code    16  stm32f10x_tim.o(.text)
    TIM_OC2PreloadConfig                     0x080023db   Thumb Code    20  stm32f10x_tim.o(.text)
    TIM_OC3PreloadConfig                     0x080023ef   Thumb Code    16  stm32f10x_tim.o(.text)
    TIM_OC4PreloadConfig                     0x080023ff   Thumb Code    20  stm32f10x_tim.o(.text)
    TIM_OC1FastConfig                        0x08002413   Thumb Code    16  stm32f10x_tim.o(.text)
    TIM_OC2FastConfig                        0x08002423   Thumb Code    20  stm32f10x_tim.o(.text)
    TIM_OC3FastConfig                        0x08002437   Thumb Code    16  stm32f10x_tim.o(.text)
    TIM_OC4FastConfig                        0x08002447   Thumb Code    20  stm32f10x_tim.o(.text)
    TIM_ClearOC1Ref                          0x0800245b   Thumb Code    16  stm32f10x_tim.o(.text)
    TIM_ClearOC2Ref                          0x0800246b   Thumb Code    18  stm32f10x_tim.o(.text)
    TIM_ClearOC3Ref                          0x0800247d   Thumb Code    16  stm32f10x_tim.o(.text)
    TIM_ClearOC4Ref                          0x0800248d   Thumb Code    18  stm32f10x_tim.o(.text)
    TIM_OC1PolarityConfig                    0x0800249f   Thumb Code    16  stm32f10x_tim.o(.text)
    TIM_OC1NPolarityConfig                   0x080024af   Thumb Code    16  stm32f10x_tim.o(.text)
    TIM_OC2PolarityConfig                    0x080024bf   Thumb Code    20  stm32f10x_tim.o(.text)
    TIM_OC2NPolarityConfig                   0x080024d3   Thumb Code    20  stm32f10x_tim.o(.text)
    TIM_OC3PolarityConfig                    0x080024e7   Thumb Code    20  stm32f10x_tim.o(.text)
    TIM_OC3NPolarityConfig                   0x080024fb   Thumb Code    20  stm32f10x_tim.o(.text)
    TIM_OC4PolarityConfig                    0x0800250f   Thumb Code    20  stm32f10x_tim.o(.text)
    TIM_CCxCmd                               0x08002523   Thumb Code    34  stm32f10x_tim.o(.text)
    TIM_CCxNCmd                              0x08002545   Thumb Code    34  stm32f10x_tim.o(.text)
    TIM_SelectOCxM                           0x08002567   Thumb Code    82  stm32f10x_tim.o(.text)
    TIM_UpdateDisableConfig                  0x080025b9   Thumb Code    24  stm32f10x_tim.o(.text)
    TIM_UpdateRequestConfig                  0x080025d1   Thumb Code    24  stm32f10x_tim.o(.text)
    TIM_SelectHallSensor                     0x080025e9   Thumb Code    24  stm32f10x_tim.o(.text)
    TIM_SelectOnePulseMode                   0x08002601   Thumb Code    18  stm32f10x_tim.o(.text)
    TIM_SelectOutputTrigger                  0x08002613   Thumb Code    18  stm32f10x_tim.o(.text)
    TIM_SelectSlaveMode                      0x08002625   Thumb Code    18  stm32f10x_tim.o(.text)
    TIM_SelectMasterSlaveMode                0x08002637   Thumb Code    18  stm32f10x_tim.o(.text)
    TIM_SetCounter                           0x08002649   Thumb Code     4  stm32f10x_tim.o(.text)
    TIM_SetAutoreload                        0x0800264d   Thumb Code     4  stm32f10x_tim.o(.text)
    TIM_SetCompare1                          0x08002651   Thumb Code     4  stm32f10x_tim.o(.text)
    TIM_SetCompare2                          0x08002655   Thumb Code     4  stm32f10x_tim.o(.text)
    TIM_SetCompare3                          0x08002659   Thumb Code     4  stm32f10x_tim.o(.text)
    TIM_SetCompare4                          0x0800265d   Thumb Code     6  stm32f10x_tim.o(.text)
    TIM_SetClockDivision                     0x08002663   Thumb Code    18  stm32f10x_tim.o(.text)
    TIM_GetCapture1                          0x08002675   Thumb Code     6  stm32f10x_tim.o(.text)
    TIM_GetCapture2                          0x0800267b   Thumb Code     6  stm32f10x_tim.o(.text)
    TIM_GetCapture3                          0x08002681   Thumb Code     6  stm32f10x_tim.o(.text)
    TIM_GetCapture4                          0x08002687   Thumb Code     8  stm32f10x_tim.o(.text)
    TIM_GetCounter                           0x0800268f   Thumb Code     6  stm32f10x_tim.o(.text)
    TIM_GetPrescaler                         0x08002695   Thumb Code     6  stm32f10x_tim.o(.text)
    TIM_GetFlagStatus                        0x0800269b   Thumb Code    18  stm32f10x_tim.o(.text)
    TIM_ClearFlag                            0x080026ad   Thumb Code     6  stm32f10x_tim.o(.text)
    TIM_GetITStatus                          0x080026b3   Thumb Code    34  stm32f10x_tim.o(.text)
    TIM_ClearITPendingBit                    0x080026d5   Thumb Code     6  stm32f10x_tim.o(.text)
    USART_DeInit                             0x080026dd   Thumb Code   134  stm32f10x_usart.o(.text)
    USART_Init                               0x08002763   Thumb Code   210  stm32f10x_usart.o(.text)
    USART_StructInit                         0x08002835   Thumb Code    24  stm32f10x_usart.o(.text)
    USART_ClockInit                          0x0800284d   Thumb Code    32  stm32f10x_usart.o(.text)
    USART_ClockStructInit                    0x0800286d   Thumb Code    12  stm32f10x_usart.o(.text)
    USART_Cmd                                0x08002879   Thumb Code    24  stm32f10x_usart.o(.text)
    USART_ITConfig                           0x08002891   Thumb Code    72  stm32f10x_usart.o(.text)
    USART_DMACmd                             0x080028d9   Thumb Code    24  stm32f10x_usart.o(.text)
    USART_SetAddress                         0x080028f1   Thumb Code    18  stm32f10x_usart.o(.text)
    USART_WakeUpConfig                       0x08002903   Thumb Code    18  stm32f10x_usart.o(.text)
    USART_ReceiverWakeUpCmd                  0x08002915   Thumb Code    24  stm32f10x_usart.o(.text)
    USART_LINBreakDetectLengthConfig         0x0800292d   Thumb Code    18  stm32f10x_usart.o(.text)
    USART_LINCmd                             0x0800293f   Thumb Code    24  stm32f10x_usart.o(.text)
    USART_SendData                           0x08002957   Thumb Code     8  stm32f10x_usart.o(.text)
    USART_ReceiveData                        0x0800295f   Thumb Code    10  stm32f10x_usart.o(.text)
    USART_SendBreak                          0x08002969   Thumb Code    10  stm32f10x_usart.o(.text)
    USART_SetGuardTime                       0x08002973   Thumb Code    16  stm32f10x_usart.o(.text)
    USART_SetPrescaler                       0x08002983   Thumb Code    16  stm32f10x_usart.o(.text)
    USART_SmartCardCmd                       0x08002993   Thumb Code    24  stm32f10x_usart.o(.text)
    USART_SmartCardNACKCmd                   0x080029ab   Thumb Code    24  stm32f10x_usart.o(.text)
    USART_HalfDuplexCmd                      0x080029c3   Thumb Code    24  stm32f10x_usart.o(.text)
    USART_OverSampling8Cmd                   0x080029db   Thumb Code    22  stm32f10x_usart.o(.text)
    USART_OneBitMethodCmd                    0x080029f1   Thumb Code    24  stm32f10x_usart.o(.text)
    USART_IrDAConfig                         0x08002a09   Thumb Code    18  stm32f10x_usart.o(.text)
    USART_IrDACmd                            0x08002a1b   Thumb Code    24  stm32f10x_usart.o(.text)
    USART_GetFlagStatus                      0x08002a33   Thumb Code    26  stm32f10x_usart.o(.text)
    USART_ClearFlag                          0x08002a4d   Thumb Code    18  stm32f10x_usart.o(.text)
    USART_GetITStatus                        0x08002a5f   Thumb Code    84  stm32f10x_usart.o(.text)
    USART_ClearITPendingBit                  0x08002ab3   Thumb Code    50  stm32f10x_usart.o(.text)
    RCC_DeInit                               0x08002ae5   Thumb Code    64  stm32f10x_rcc.o(.text)
    RCC_HSEConfig                            0x08002b25   Thumb Code    70  stm32f10x_rcc.o(.text)
    RCC_GetFlagStatus                        0x08002b6b   Thumb Code    56  stm32f10x_rcc.o(.text)
    RCC_WaitForHSEStartUp                    0x08002ba3   Thumb Code    48  stm32f10x_rcc.o(.text)
    RCC_AdjustHSICalibrationValue            0x08002bd3   Thumb Code    18  stm32f10x_rcc.o(.text)
    RCC_HSICmd                               0x08002be5   Thumb Code     6  stm32f10x_rcc.o(.text)
    RCC_PLLConfig                            0x08002beb   Thumb Code    22  stm32f10x_rcc.o(.text)
    RCC_PLLCmd                               0x08002c01   Thumb Code     6  stm32f10x_rcc.o(.text)
    RCC_SYSCLKConfig                         0x08002c07   Thumb Code    16  stm32f10x_rcc.o(.text)
    RCC_GetSYSCLKSource                      0x08002c17   Thumb Code    10  stm32f10x_rcc.o(.text)
    RCC_HCLKConfig                           0x08002c21   Thumb Code    16  stm32f10x_rcc.o(.text)
    RCC_PCLK1Config                          0x08002c31   Thumb Code    16  stm32f10x_rcc.o(.text)
    RCC_PCLK2Config                          0x08002c41   Thumb Code    18  stm32f10x_rcc.o(.text)
    RCC_ITConfig                             0x08002c53   Thumb Code    30  stm32f10x_rcc.o(.text)
    RCC_USBCLKConfig                         0x08002c71   Thumb Code     8  stm32f10x_rcc.o(.text)
    RCC_ADCCLKConfig                         0x08002c79   Thumb Code    16  stm32f10x_rcc.o(.text)
    RCC_LSEConfig                            0x08002c89   Thumb Code    50  stm32f10x_rcc.o(.text)
    RCC_LSICmd                               0x08002cbb   Thumb Code     6  stm32f10x_rcc.o(.text)
    RCC_RTCCLKConfig                         0x08002cc1   Thumb Code    12  stm32f10x_rcc.o(.text)
    RCC_RTCCLKCmd                            0x08002ccd   Thumb Code     8  stm32f10x_rcc.o(.text)
    RCC_GetClocksFreq                        0x08002cd5   Thumb Code   194  stm32f10x_rcc.o(.text)
    RCC_AHBPeriphClockCmd                    0x08002d97   Thumb Code    26  stm32f10x_rcc.o(.text)
    RCC_APB2PeriphClockCmd                   0x08002db1   Thumb Code    26  stm32f10x_rcc.o(.text)
    RCC_APB1PeriphClockCmd                   0x08002dcb   Thumb Code    26  stm32f10x_rcc.o(.text)
    RCC_APB2PeriphResetCmd                   0x08002de5   Thumb Code    26  stm32f10x_rcc.o(.text)
    RCC_APB1PeriphResetCmd                   0x08002dff   Thumb Code    26  stm32f10x_rcc.o(.text)
    RCC_BackupResetCmd                       0x08002e19   Thumb Code     8  stm32f10x_rcc.o(.text)
    RCC_ClockSecuritySystemCmd               0x08002e21   Thumb Code     6  stm32f10x_rcc.o(.text)
    RCC_MCOConfig                            0x08002e27   Thumb Code     6  stm32f10x_rcc.o(.text)
    RCC_ClearFlag                            0x08002e2d   Thumb Code    14  stm32f10x_rcc.o(.text)
    RCC_GetITStatus                          0x08002e3b   Thumb Code    20  stm32f10x_rcc.o(.text)
    RCC_ClearITPendingBit                    0x08002e4f   Thumb Code     6  stm32f10x_rcc.o(.text)
    delay_init                               0x08002e75   Thumb Code    40  delay.o(.text)
    delay_ms                                 0x08002e9d   Thumb Code    54  delay.o(.text)
    delay_us                                 0x08002ed3   Thumb Code    52  delay.o(.text)
    NVIC_Configuration                       0x08002f0d   Thumb Code    12  sys.o(.text)
    _sys_exit                                0x08002f19   Thumb Code     6  usart.o(.text)
    fputc                                    0x08002f1f   Thumb Code    22  usart.o(.text)
    uart_init                                0x08002f35   Thumb Code   152  usart.o(.text)
    USART1_IRQHandler                        0x08002fcd   Thumb Code   548  usart.o(.text)
    PWM_Init                                 0x08003205   Thumb Code   270  pwm.o(.text)
    Remote_Init                              0x08003325   Thumb Code   102  remote.o(.text)
    Pulse_Width_Check                        0x0800338b   Thumb Code    36  remote.o(.text)
    Remote_Process                           0x080033af   Thumb Code    60  remote.o(.text)
    EXTI1_IRQHandler                         0x080033eb   Thumb Code   796  remote.o(.text)
    BEEP_Init                                0x08003729   Thumb Code    46  beep.o(.text)
    __use_no_semihosting                     0x0800375d   Thumb Code     2  use_no_semi_2.o(.text)
    srand                                    0x08003761   Thumb Code    40  rand.o(.text)
    _rand_init                               0x08003789   Thumb Code     4  rand.o(.text)
    rand                                     0x0800378d   Thumb Code    58  rand.o(.text)
    __use_two_region_memory                  0x080037d9   Thumb Code     2  heapauxi.o(.text)
    __rt_heap_escrow$2region                 0x080037db   Thumb Code     2  heapauxi.o(.text)
    __rt_heap_expand$2region                 0x080037dd   Thumb Code     2  heapauxi.o(.text)
    __I$use$semihosting                      0x080037df   Thumb Code     0  use_no_semi.o(.text)
    __use_no_semihosting_swi                 0x080037df   Thumb Code     2  use_no_semi.o(.text)
    __user_setup_stackheap                   0x080037e1   Thumb Code    74  sys_stackheap_outer.o(.text)
    exit                                     0x0800382b   Thumb Code    12  exit.o(.text)
    __user_libspace                          0x08003839   Thumb Code     8  libspace.o(.text)
    __user_perproc_libspace                  0x08003839   Thumb Code     0  libspace.o(.text)
    __user_perthread_libspace                0x08003839   Thumb Code     0  libspace.o(.text)
    Region$$Table$$Base                      0x08003840   Number         0  anon$$obj.o(Region$$Table)
    Region$$Table$$Limit                     0x08003860   Number         0  anon$$obj.o(Region$$Table)
    Rpwmval                                  0x20000000   Data           4  main.o(.data)
    Gpwmval                                  0x20000004   Data           4  main.o(.data)
    Bpwmval                                  0x20000008   Data           4  main.o(.data)
    BASE                                     0x2000000c   Data           1  main.o(.data)
    PLAY                                     0x2000000d   Data           1  main.o(.data)
    SPEED                                    0x2000000e   Data           1  main.o(.data)
    times                                    0x20000010   Data           4  main.o(.data)
    SystemCoreClock                          0x20000014   Data           4  system_stm32f10x.o(.data)
    AHBPrescTable                            0x20000018   Data          16  system_stm32f10x.o(.data)
    Remote_Odr                               0x20000040   Data           4  remote.o(.data)
    RRdy                                     0x20000044   Data           1  remote.o(.data)
    keynum                                   0x20000045   Data           1  remote.o(.data)
    keyback                                  0x20000046   Data           1  remote.o(.data)
    key                                      0x20000047   Data           1  remote.o(.data)
    START                                    0x20000048   Data           1  remote.o(.data)
    __libspace_start                         0x20000130   Data          96  libspace.o(.bss)
    __temporary_stack_top$libspace           0x20000190   Data           0  libspace.o(.bss)



==============================================================================

Memory Map of the image

  Image Entry point : 0x080000ed

  Load Region LR_IROM1 (Base: 0x08000000, Size: 0x000038b4, Max: 0x00020000, ABSOLUTE)

    Execution Region ER_IROM1 (Base: 0x08000000, Size: 0x00003860, Max: 0x00020000, ABSOLUTE)

    Base Addr    Size         Type   Attr      Idx    E Section Name        Object

    0x08000000   0x000000ec   Data   RO          203    RESET               startup_stm32f10x_md.o
    0x080000ec   0x00000008   Code   RO          380  * !!!main             __main.o(c_w.l)
    0x080000f4   0x00000034   Code   RO          535    !!!scatter          __scatter.o(c_w.l)
    0x08000128   0x0000001a   Code   RO          537    !!handler_copy      __scatter_copy.o(c_w.l)
    0x08000142   0x00000002   PAD
    0x08000144   0x0000001c   Code   RO          539    !!handler_zi        __scatter_zi.o(c_w.l)
    0x08000160   0x00000006   Code   RO          461    .ARM.Collect$$libinit$$00000000  libinit.o(c_w.l)
    0x08000166   0x00000000   Code   RO          388    .ARM.Collect$$libinit$$00000006  libinit2.o(c_w.l)
    0x08000166   0x00000000   Code   RO          390    .ARM.Collect$$libinit$$00000008  libinit2.o(c_w.l)
    0x08000166   0x00000004   Code   RO          391    .ARM.Collect$$libinit$$00000009  libinit2.o(c_w.l)
    0x0800016a   0x00000000   Code   RO          392    .ARM.Collect$$libinit$$0000000A  libinit2.o(c_w.l)
    0x0800016a   0x00000000   Code   RO          395    .ARM.Collect$$libinit$$0000000D  libinit2.o(c_w.l)
    0x0800016a   0x00000000   Code   RO          397    .ARM.Collect$$libinit$$0000000F  libinit2.o(c_w.l)
    0x0800016a   0x00000000   Code   RO          399    .ARM.Collect$$libinit$$00000011  libinit2.o(c_w.l)
    0x0800016a   0x00000000   Code   RO          401    .ARM.Collect$$libinit$$00000013  libinit2.o(c_w.l)
    0x0800016a   0x00000000   Code   RO          403    .ARM.Collect$$libinit$$00000015  libinit2.o(c_w.l)
    0x0800016a   0x00000000   Code   RO          405    .ARM.Collect$$libinit$$00000017  libinit2.o(c_w.l)
    0x0800016a   0x00000000   Code   RO          407    .ARM.Collect$$libinit$$00000019  libinit2.o(c_w.l)
    0x0800016a   0x00000000   Code   RO          409    .ARM.Collect$$libinit$$0000001B  libinit2.o(c_w.l)
    0x0800016a   0x00000000   Code   RO          411    .ARM.Collect$$libinit$$0000001D  libinit2.o(c_w.l)
    0x0800016a   0x00000000   Code   RO          413    .ARM.Collect$$libinit$$0000001F  libinit2.o(c_w.l)
    0x0800016a   0x00000000   Code   RO          415    .ARM.Collect$$libinit$$00000021  libinit2.o(c_w.l)
    0x0800016a   0x00000000   Code   RO          419    .ARM.Collect$$libinit$$00000028  libinit2.o(c_w.l)
    0x0800016a   0x00000000   Code   RO          421    .ARM.Collect$$libinit$$0000002A  libinit2.o(c_w.l)
    0x0800016a   0x00000000   Code   RO          423    .ARM.Collect$$libinit$$0000002C  libinit2.o(c_w.l)
    0x0800016a   0x00000000   Code   RO          425    .ARM.Collect$$libinit$$0000002E  libinit2.o(c_w.l)
    0x0800016a   0x00000002   Code   RO          426    .ARM.Collect$$libinit$$0000002F  libinit2.o(c_w.l)
    0x0800016c   0x00000002   Code   RO          497    .ARM.Collect$$libshutdown$$00000000  libshutdown.o(c_w.l)
    0x0800016e   0x00000000   Code   RO          504    .ARM.Collect$$libshutdown$$00000003  libshutdown2.o(c_w.l)
    0x0800016e   0x00000000   Code   RO          507    .ARM.Collect$$libshutdown$$00000006  libshutdown2.o(c_w.l)
    0x0800016e   0x00000000   Code   RO          510    .ARM.Collect$$libshutdown$$00000009  libshutdown2.o(c_w.l)
    0x0800016e   0x00000000   Code   RO          512    .ARM.Collect$$libshutdown$$0000000B  libshutdown2.o(c_w.l)
    0x0800016e   0x00000000   Code   RO          515    .ARM.Collect$$libshutdown$$0000000E  libshutdown2.o(c_w.l)
    0x0800016e   0x00000002   Code   RO          516    .ARM.Collect$$libshutdown$$0000000F  libshutdown2.o(c_w.l)
    0x08000170   0x00000000   Code   RO          384    .ARM.Collect$$rtentry$$00000000  rtentry.o(c_w.l)
    0x08000170   0x00000000   Code   RO          428    .ARM.Collect$$rtentry$$00000002  rtentry2.o(c_w.l)
    0x08000170   0x00000006   Code   RO          443    .ARM.Collect$$rtentry$$00000004  rtentry4.o(c_w.l)
    0x08000176   0x00000000   Code   RO          430    .ARM.Collect$$rtentry$$00000009  rtentry2.o(c_w.l)
    0x08000176   0x00000004   Code   RO          431    .ARM.Collect$$rtentry$$0000000A  rtentry2.o(c_w.l)
    0x0800017a   0x00000000   Code   RO          433    .ARM.Collect$$rtentry$$0000000C  rtentry2.o(c_w.l)
    0x0800017a   0x00000008   Code   RO          434    .ARM.Collect$$rtentry$$0000000D  rtentry2.o(c_w.l)
    0x08000182   0x00000000   Code   RO          467    .ARM.Collect$$rtexit$$00000000  rtexit.o(c_w.l)
    0x08000182   0x00000000   Code   RO          478    .ARM.Collect$$rtexit$$00000002  rtexit2.o(c_w.l)
    0x08000182   0x00000004   Code   RO          479    .ARM.Collect$$rtexit$$00000003  rtexit2.o(c_w.l)
    0x08000186   0x00000004   Code   RO          480    .ARM.Collect$$rtexit$$00000004  rtexit2.o(c_w.l)
    0x0800018a   0x00000002   PAD
    0x0800018c   0x00001070   Code   RO            1    .text               main.o
    0x080011fc   0x0000001a   Code   RO          131    .text               stm32f10x_it.o
    0x08001216   0x00000002   PAD
    0x08001218   0x000001c8   Code   RO          172    .text               system_stm32f10x.o
    0x080013e0   0x00000040   Code   RO          204    .text               startup_stm32f10x_md.o
    0x08001420   0x000000e0   Code   RO          208    .text               misc.o
    0x08001500   0x00000130   Code   RO          220    .text               stm32f10x_exti.o
    0x08001630   0x00000348   Code   RO          232    .text               stm32f10x_gpio.o
    0x08001978   0x00000d62   Code   RO          244    .text               stm32f10x_tim.o
    0x080026da   0x00000002   PAD
    0x080026dc   0x00000408   Code   RO          256    .text               stm32f10x_usart.o
    0x08002ae4   0x00000390   Code   RO          268    .text               stm32f10x_rcc.o
    0x08002e74   0x00000098   Code   RO          282    .text               delay.o
    0x08002f0c   0x0000000c   Code   RO          296    .text               sys.o
    0x08002f18   0x000002ec   Code   RO          308    .text               usart.o
    0x08003204   0x00000120   Code   RO          328    .text               pwm.o
    0x08003324   0x00000404   Code   RO          340    .text               remote.o
    0x08003728   0x00000034   Code   RO          358    .text               beep.o
    0x0800375c   0x00000002   Code   RO          372    .text               use_no_semi_2.o(c_w.l)
    0x0800375e   0x00000002   PAD
    0x08003760   0x00000078   Code   RO          374    .text               rand.o(c_w.l)
    0x080037d8   0x00000006   Code   RO          378    .text               heapauxi.o(c_w.l)
    0x080037de   0x00000002   Code   RO          382    .text               use_no_semi.o(c_w.l)
    0x080037e0   0x0000004a   Code   RO          447    .text               sys_stackheap_outer.o(c_w.l)
    0x0800382a   0x0000000c   Code   RO          449    .text               exit.o(c_w.l)
    0x08003836   0x00000002   PAD
    0x08003838   0x00000008   Code   RO          464    .text               libspace.o(c_w.l)
    0x08003840   0x00000020   Data   RO          533    Region$$Table       anon$$obj.o


    Execution Region RW_IRAM1 (Base: 0x20000000, Size: 0x00000790, Max: 0x00005000, ABSOLUTE)

    Base Addr    Size         Type   Attr      Idx    E Section Name        Object

    0x20000000   0x00000014   Data   RW            2    .data               main.o
    0x20000014   0x00000014   Data   RW          173    .data               system_stm32f10x.o
    0x20000028   0x00000014   Data   RW          269    .data               stm32f10x_rcc.o
    0x2000003c   0x00000004   Data   RW          283    .data               delay.o
    0x20000040   0x00000009   Data   RW          341    .data               remote.o
    0x20000049   0x00000003   PAD
    0x2000004c   0x00000008   Data   RW          376    .data               rand.o(c_w.l)
    0x20000054   0x000000dc   Zero   RW          375    .bss                rand.o(c_w.l)
    0x20000130   0x00000060   Zero   RW          465    .bss                libspace.o(c_w.l)
    0x20000190   0x00000200   Zero   RW          202    HEAP                startup_stm32f10x_md.o
    0x20000390   0x00000400   Zero   RW          201    STACK               startup_stm32f10x_md.o


==============================================================================

Image component sizes


      Code (inc. data)   RO Data    RW Data    ZI Data      Debug   Object Name

        52          6          0          0          0        464   beep.o
         0          0          0          0          0         20   core_cm3.o
       152          6          0          4          0       1015   delay.o
      4208        142          0         20          0     261834   main.o
       224         20          0          0          0       1749   misc.o
       288         18          0          0          0        779   pwm.o
      1028         34          0          9          0       2199   remote.o
        64         26        236          0       1536        484   startup_stm32f10x_md.o
       304         14          0          0          0       2207   stm32f10x_exti.o
       840         38          0          0          0       5637   stm32f10x_gpio.o
        26          0          0          0          0       1166   stm32f10x_it.o
       912         32          0         20          0       8748   stm32f10x_rcc.o
      3426         84          0          0          0      22344   stm32f10x_tim.o
      1032         20          0          0          0       8388   stm32f10x_usart.o
        12          0          0          0          0        429   sys.o
       456         36          0         20          0       1675   system_stm32f10x.o
       748         66          0          0          0       3208   usart.o

    ----------------------------------------------------------------------
     13776        542        268         76       1536     322346   Object Totals
         0          0         32          0          0          0   (incl. Generated)
         4          0          0          3          0          2   (incl. Padding)

    ----------------------------------------------------------------------

      Code (inc. data)   RO Data    RW Data    ZI Data      Debug   Library Member Name

         8          0          0          0          0         68   __main.o
        52          8          0          0          0          0   __scatter.o
        26          0          0          0          0          0   __scatter_copy.o
        28          0          0          0          0          0   __scatter_zi.o
        12          0          0          0          0         68   exit.o
         6          0          0          0          0        148   heapauxi.o
         6          0          0          0          0          0   libinit.o
         6          0          0          0          0          0   libinit2.o
         2          0          0          0          0          0   libshutdown.o
         2          0          0          0          0          0   libshutdown2.o
         8          4          0          0         96         68   libspace.o
       120         18          0          8        220        116   rand.o
         0          0          0          0          0          0   rtentry.o
        12          0          0          0          0          0   rtentry2.o
         6          0          0          0          0          0   rtentry4.o
         0          0          0          0          0          0   rtexit.o
         8          0          0          0          0          0   rtexit2.o
        74          0          0          0          0         80   sys_stackheap_outer.o
         2          0          0          0          0         68   use_no_semi.o
         2          0          0          0          0         68   use_no_semi_2.o

    ----------------------------------------------------------------------
       388         30          0          8        316        684   Library Totals
         8          0          0          0          0          0   (incl. Padding)

    ----------------------------------------------------------------------

      Code (inc. data)   RO Data    RW Data    ZI Data      Debug   Library Name

       380         30          0          8        316        684   c_w.l

    ----------------------------------------------------------------------
       388         30          0          8        316        684   Library Totals

    ----------------------------------------------------------------------

==============================================================================


      Code (inc. data)   RO Data    RW Data    ZI Data      Debug   

     14164        572        268         84       1852     321332   Grand Totals
     14164        572        268         84       1852     321332   ELF Image Totals
     14164        572        268         84          0          0   ROM Totals

==============================================================================

    Total RO  Size (Code + RO Data)                14432 (  14.09kB)
    Total RW  Size (RW Data + ZI Data)              1936 (   1.89kB)
    Total ROM Size (Code + RO Data + RW Data)      14516 (  14.18kB)

==============================================================================

